Testing katago version...

Testing GTP...
请按任意键继续. . . 
